Last login: Wed Jan 30 15:34:13 2019 from 10.90.0.10
[root@localhost ~]#
[root@localhost ~]#
[root@localhost ~]#ps -A | grep -c kcpu
4
[root@localhost ~]#vershow | grep Config | awk '{print $2}'
Error: No such container: ifw
Error: No such container: mongo
version:def-r14743-0
[root@localhost ~]#fpga_version&
[1] 5473
[root@localhost ~]#FPGA version:V1.8

[1]+  Done                    fpga_version
[root@localhost ~]#
[root@localhost ~]#swv_read&
[1] 6299
[root@localhost ~]#software version :REL-1.00B001

[1]+  Done                    swv_read
[root@localhost ~]#
[root@localhost ~]#spn_read&
[1] 7201
[root@localhost ~]#software part number:501000049

[1]+  Done                    spn_read
[root@localhost ~]#
[root@localhost ~]#dpn_read&
[1] 7933
[root@localhost ~]#PN_VERSION:9010100020

[1]+  Done                    dpn_read
[root@localhost ~]#
[root@localhost ~]#board_pn_read&
[1] 8846
[root@localhost ~]#Board_Product_Number:3010100025

[1]+  Done                    board_pn_read
[root@localhost ~]#
[root@localhost ~]#mod_read&
[1] 9987
[root@localhost ~]#Mod number:NA

[1]+  Done                    mod_read
[root@localhost ~]#
[root@localhost ~]#uname -a&
[1] 10991
[root@localhost ~]#Linux localhost.localdomain 3.10.0-862.el7.x86_64 #1 SMP Fri Apr 20 16:44:24 UTC 2018 x86_64 x86_64 x86_64 GNU/Linux

[1]+  Done                    uname -a
[root@localhost ~]#
[root@localhost ~]#dsn_read&
[1] 11723
[root@localhost ~]#SN_VERSION:031812250002

[1]+  Done                    dsn_read
[root@localhost ~]#
[root@localhost ~]#board_sn_read&
[1] 12751
[root@localhost ~]#Board_Serial_Number:011601231005

[1]+  Done                    board_sn_read
[root@localhost ~]#
[root@localhost ~]#fpgapn_read&
[1] 13432
[root@localhost ~]#fpga part number:5010000007

[1]+  Done                    fpgapn_read
[root@localhost ~]#
[root@localhost ~]#isopn_read&
[1] 14184
[root@localhost ~]#iso part number:5010000013

[1]+  Done                    isopn_read
[root@localhost ~]#
[root@localhost ~]#vershow
underlying version:r14743

Config version:def-r14743-0

docker version:18.06.1-ce

nginx version:

Error: No such container: ifw
nodejs version:

Error: No such container: mongo
mongodb version:
[root@localhost ~]#ifconfig
docker0: flags=4099<UP,BROADCAST,MULTICAST>  mtu 1500
        inet 172.17.0.1  netmask 255.255.0.0  broadcast 172.17.255.255
        ether 02:42:2d:b2:ab:01  txqueuelen 0  (Ethernet)
        RX packets 0  bytes 0 (0.0 B)
        RX errors 0  dropped 0  overruns 0  frame 0
        TX packets 0  bytes 0 (0.0 B)
        TX errors 0  dropped 0 overruns 0  carrier 0  collisions 0

eth0: flags=4163<UP,BROADCAST,RUNNING,MULTICAST>  mtu 1500
        inet6 fe80::2a0:c9ff:fe00:0  prefixlen 64  scopeid 0x20<link>
        ether 00:a0:c9:00:00:00  txqueuelen 1000  (Ethernet)
        RX packets 585218  bytes 38693608 (36.9 MiB)
        RX errors 0  dropped 0  overruns 0  frame 0
        TX packets 12162259  bytes 18402339665 (17.1 GiB)
        TX errors 0  dropped 0 overruns 0  carrier 0  collisions 0
        device memory 0xf7c00000-f7c7ffff  

eth0.1: flags=4163<UP,BROADCAST,RUNNING,MULTICAST>  mtu 1500
        inet 10.90.0.2  netmask 255.255.255.240  broadcast 10.90.0.15
        inet6 fe80::2a0:c9ff:fe00:0  prefixlen 64  scopeid 0x20<link>
        ether 00:a0:c9:00:00:00  txqueuelen 1000  (Ethernet)
        RX packets 585212  bytes 30500184 (29.0 MiB)
        RX errors 0  dropped 0  overruns 0  frame 0
        TX packets 277007  bytes 17617834207 (16.4 GiB)
        TX errors 0  dropped 0 overruns 0  carrier 0  collisions 0

eth0.1:0: flags=4163<UP,BROADCAST,RUNNING,MULTICAST>  mtu 1500
        inet 10.255.250.2  netmask 255.255.255.0  broadcast 10.255.250.255
        ether 00:a0:c9:00:00:00  txqueuelen 1000  (Ethernet)

eth0.5: flags=4163<UP,BROADCAST,RUNNING,MULTICAST>  mtu 1500
        inet 10.91.0.1  netmask 255.255.255.240  broadcast 10.91.0.15
        inet6 fe80::2a0:c9ff:fe00:0  prefixlen 64  scopeid 0x20<link>
        ether 00:a0:c9:00:00:00  txqueuelen 1000  (Ethernet)
        RX packets 0  bytes 0 (0.0 B)
        RX errors 0  dropped 0  overruns 0  frame 0
        TX packets 50  bytes 7496 (7.3 KiB)
        TX errors 0  dropped 0 overruns 0  carrier 0  collisions 0

eth0.10: flags=4163<UP,BROADCAST,RUNNING,MULTICAST>  mtu 1500
        inet 10.82.0.1  netmask 255.255.252.0  broadcast 10.82.3.255
        inet6 fe80::2a0:c9ff:fe00:0  prefixlen 64  scopeid 0x20<link>
        ether 00:a0:c9:00:00:00  txqueuelen 1000  (Ethernet)
        RX packets 0  bytes 0 (0.0 B)
        RX errors 0  dropped 0  overruns 0  frame 0
        TX packets 58  bytes 8567 (8.3 KiB)
        TX errors 0  dropped 0 overruns 0  carrier 0  collisions 0

eth0.10:1: flags=4163<UP,BROADCAST,RUNNING,MULTICAST>  mtu 1500
        inet 10.0.0.1  netmask 255.255.255.0  broadcast 10.0.0.255
        ether 00:a0:c9:00:00:00  txqueuelen 1000  (Ethernet)

eth0.20: flags=4163<UP,BROADCAST,RUNNING,MULTICAST>  mtu 1500
        inet 172.19.0.3  netmask 255.255.252.0  broadcast 172.19.3.255
        inet6 fe80::2a0:c9ff:fe00:0  prefixlen 64  scopeid 0x20<link>
        ether 00:a0:c9:00:00:00  txqueuelen 1000  (Ethernet)
        RX packets 0  bytes 0 (0.0 B)
        RX errors 0  dropped 0  overruns 0  frame 0
        TX packets 217  bytes 106522 (104.0 KiB)
        TX errors 0  dropped 0 overruns 0  carrier 0  collisions 0

eth0.21: flags=4163<UP,BROADCAST,RUNNING,MULTICAST>  mtu 1500
        inet 172.41.0.3  netmask 255.255.255.0  broadcast 172.41.0.255
        inet6 fe80::2a0:c9ff:fe00:0  prefixlen 64  scopeid 0x20<link>
        ether 00:a0:c9:00:00:00  txqueuelen 1000  (Ethernet)
        RX packets 0  bytes 0 (0.0 B)
        RX errors 0  dropped 0  overruns 0  frame 0
        TX packets 1305  bytes 60170 (58.7 KiB)
        TX errors 0  dropped 0 overruns 0  carrier 0  collisions 0

eth0.30: flags=4163<UP,BROADCAST,RUNNING,MULTICAST>  mtu 1500
        inet 172.45.0.3  netmask 255.255.255.0  broadcast 172.45.0.255
        inet6 fe80::2a0:c9ff:fe00:0  prefixlen 64  scopeid 0x20<link>
        ether 00:a0:c9:00:00:00  txqueuelen 1000  (Ethernet)
        RX packets 0  bytes 0 (0.0 B)
        RX errors 0  dropped 0  overruns 0  frame 0
        TX packets 50  bytes 7547 (7.3 KiB)
        TX errors 0  dropped 0 overruns 0  carrier 0  collisions 0

lo: flags=73<UP,LOOPBACK,RUNNING>  mtu 65536
        inet 127.0.0.1  netmask 255.0.0.0
        inet6 ::1  prefixlen 128  scopeid 0x10<host>
        loop  txqueuelen 1000  (Local Loopback)
        RX packets 33525  bytes 2593892 (2.4 MiB)
        RX errors 0  dropped 0  overruns 0  frame 0
        TX packets 33525  bytes 2593892 (2.4 MiB)
        TX errors 0  dropped 0 overruns 0  carrier 0  collisions 0

mgmt0: flags=4099<UP,BROADCAST,MULTICAST>  mtu 1500
        inet 192.168.1.100  netmask 255.255.255.0  broadcast 192.168.1.255
        ether 00:13:95:1c:0b:6b  txqueuelen 1000  (Ethernet)
        RX packets 0  bytes 0 (0.0 B)
        RX errors 0  dropped 0  overruns 0  frame 0
        TX packets 0  bytes 0 (0.0 B)
        TX errors 0  dropped 0 overruns 0  carrier 0  collisions 0
        device interrupt 20  memory 0xf7e00000-f7e20000  

[root@localhost ~]#lsusb | grep -c '2c7c'
1
[root@localhost ~]#sensors -u &
[1] 17916
[root@localhost ~]#acpitz-virtual-0
Adapter: Virtual device
temp1:
  temp1_input: 75.000
  temp1_crit: 111.000

coretemp-isa-0000
Adapter: ISA adapter
Physical id 0:
  temp1_input: 76.000
  temp1_max: 87.000
  temp1_crit: 105.000
  temp1_crit_alarm: 0.000
Core 0:
  temp2_input: 76.000
  temp2_max: 87.000
  temp2_crit: 105.000
  temp2_crit_alarm: 0.000
Core 1:
  temp3_input: 72.000
  temp3_max: 87.000
  temp3_crit: 105.000
  temp3_crit_alarm: 0.000


[1]+  Done                    sensors -u
[root@localhost ~]#
[root@localhost ~]#service ntpd stop
Stopping ntpd (via systemctl):  [60G[[0;32m  OK  [0;39m]
[root@localhost ~]#ntpdate 10.90.0.10 &
[1] 19077
[root@localhost ~]#30 Jan 15:39:32 ntpdate[19077]: step time server 10.90.0.10 offset 42.402955 sec
date
Wed Jan 30 15:39:41 CST 2019
[1]+  Done                    ntpdate 10.90.0.10
[root@localhost ~]#free | grep Mem | awk '{print $2}'
16175356
[root@localhost ~]#arinc set_control_off
[root@localhost ~]#hi8435_cfg wrDiscOut 1 low
input data is 1.
hi8435 operation succeed.
[root@localhost ~]#hi8435_cfg wrDiscOut 2 low
input data is 2.
hi8435 operation succeed.
[root@localhost ~]#hi8435_cfg wrDiscOut 3 low
input data is 3.
hi8435 operation succeed.
[root@localhost ~]#hi8435_cfg wrDiscOut 4 low
input data is 4.
hi8435 operation succeed.
[root@localhost ~]#hi8435_cfg wrDiscOut 5 low
input data is 5.
hi8435 operation succeed.
[root@localhost ~]#hi8435_cfg wrDiscOut 6 low
input data is 6.
hi8435 operation succeed.
[root@localhost ~]#hi8435_cfg wrDiscOut 7 low
input data is 7.
hi8435 operation succeed.
[root@localhost ~]#hi8435_cfg wrDiscOut 8 low
input data is 8.
hi8435 operation succeed.
[root@localhost ~]#hi8435_cfg wrDiscOut 9 low
input data is 9.
hi8435 operation succeed.
[root@localhost ~]#hi8435_cfg wrDiscOut 10 low
input data is 10.
hi8435 operation succeed.
[root@localhost ~]#hi8435_cfg wrDiscOut 11 low
input data is 11.
hi8435 operation succeed.
[root@localhost ~]#hi8435_cfg wrDiscOut 12 low
input data is 12.
hi8435 operation succeed.
[root@localhost ~]#hi8435_cfg wrDiscOut 13 low
input data is 13.
hi8435 operation succeed.
[root@localhost ~]#hi8435_cfg wrDiscOut 14 low
input data is 14.
hi8435 operation succeed.
[root@localhost ~]#hi8435_cfg wrDiscOut 15 low
input data is 15.
hi8435 operation succeed.
[root@localhost ~]#hi8435_cfg wrDiscOut 16 low
input data is 16.
hi8435 operation succeed.
[root@localhost ~]#arinc  get_signalstatusmatrix
(0)0(1)0(2)0(3)0(4)1(5)1(6)1(7)1(8)1(9)1(10)1(11)1(12)1
[root@localhost ~]#hi8435_cfg rdDiscIn
GNS_DISC_IN_REG value is 0x7.
hi8435 operation succeed.
[root@localhost ~]#hi8435_cfg wrDiscOut 1 high
input data is 1.
hi8435 operation succeed.
[root@localhost ~]#hi8435_cfg wrDiscOut 2 high
input data is 2.
hi8435 operation succeed.
[root@localhost ~]#hi8435_cfg wrDiscOut 3 high
input data is 3.
hi8435 operation succeed.
[root@localhost ~]#hi8435_cfg wrDiscOut 4 high
input data is 4.
hi8435 operation succeed.
[root@localhost ~]#hi8435_cfg wrDiscOut 5 high
input data is 5.
hi8435 operation succeed.
[root@localhost ~]#hi8435_cfg wrDiscOut 6 high
input data is 6.
hi8435 operation succeed.
[root@localhost ~]#hi8435_cfg wrDiscOut 7 high
input data is 7.
hi8435 operation succeed.
[root@localhost ~]#hi8435_cfg wrDiscOut 8 high
input data is 8.
hi8435 operation succeed.
[root@localhost ~]#hi8435_cfg wrDiscOut 9 high
input data is 9.
hi8435 operation succeed.
[root@localhost ~]#hi8435_cfg wrDiscOut 10 high
input data is 10.
hi8435 operation succeed.
[root@localhost ~]#hi8435_cfg wrDiscOut 11 high
input data is 11.
hi8435 operation succeed.
[root@localhost ~]#hi8435_cfg wrDiscOut 12 high
input data is 12.
hi8435 operation succeed.
[root@localhost ~]#hi8435_cfg wrDiscOut 13 high
input data is 13.
hi8435 operation succeed.
[root@localhost ~]#hi8435_cfg wrDiscOut 14 high
input data is 14.
hi8435 operation succeed.
[root@localhost ~]#hi8435_cfg wrDiscOut 15 high
input data is 15.
hi8435 operation succeed.
[root@localhost ~]#hi8435_cfg wrDiscOut 16 high
input data is 16.
hi8435 operation succeed.
[root@localhost ~]#arinc  get_signalstatusmatrix
(0)1(1)1(2)1(3)1(4)0(5)0(6)0(7)0(8)0(9)0(10)0(11)0(12)0
[root@localhost ~]#hi8435_cfg rdDiscIn
GNS_DISC_IN_REG value is 0x0.
hi8435 operation succeed.
[root@localhost ~]#hi8435_cfg wrDiscOut 1 low
input data is 1.
hi8435 operation succeed.
[root@localhost ~]#hi8435_cfg wrDiscOut 2 low
input data is 2.
hi8435 operation succeed.
[root@localhost ~]#hi8435_cfg wrDiscOut 3 low
input data is 3.
hi8435 operation succeed.
[root@localhost ~]#hi8435_cfg wrDiscOut 4 low
input data is 4.
hi8435 operation succeed.
[root@localhost ~]#hi8435_cfg wrDiscOut 5 low
input data is 5.
hi8435 operation succeed.
[root@localhost ~]#hi8435_cfg wrDiscOut 6 low
input data is 6.
hi8435 operation succeed.
[root@localhost ~]#hi8435_cfg wrDiscOut 7 low
input data is 7.
hi8435 operation succeed.
[root@localhost ~]#hi8435_cfg wrDiscOut 8 low
input data is 8.
hi8435 operation succeed.
[root@localhost ~]#hi8435_cfg wrDiscOut 9 low
input data is 9.
hi8435 operation succeed.
[root@localhost ~]#hi8435_cfg wrDiscOut 10 low
input data is 10.
hi8435 operation succeed.
[root@localhost ~]#hi8435_cfg wrDiscOut 11 low
input data is 11.
hi8435 operation succeed.
[root@localhost ~]#hi8435_cfg wrDiscOut 12 low
input data is 12.
hi8435 operation succeed.
[root@localhost ~]#hi8435_cfg wrDiscOut 13 low
input data is 13.
hi8435 operation succeed.
[root@localhost ~]#hi8435_cfg wrDiscOut 14 low
input data is 14.
hi8435 operation succeed.
[root@localhost ~]#hi8435_cfg wrDiscOut 15 low
input data is 15.
hi8435 operation succeed.
[root@localhost ~]#hi8435_cfg wrDiscOut 16 low
input data is 16.
hi8435 operation succeed.
[root@localhost ~]#arinc  get_signalstatusmatrix
(0)0(1)0(2)0(3)0(4)1(5)1(6)1(7)1(8)1(9)1(10)1(11)1(12)1
[root@localhost ~]#hi8435_cfg rdDiscIn
GNS_DISC_IN_REG value is 0x7.
hi8435 operation succeed.
[root@localhost ~]#hi3593_c0_cfg setRx1BitRate  high
hi3593 chip0 operation succeed.
[root@localhost ~]#
[root@localhost ~]#hi3593_c0_cfg setRx2BitRate  high
hi3593 chip0 operation succeed.
[root@localhost ~]#
[root@localhost ~]#hi3593_c0_cfg setTxBitRate high
hi3593 chip0 operation succeed.
[root@localhost ~]#
[root@localhost ~]#hi3593_c1_cfg setRx1BitRate  high
hi3593 chip1 operation succeed.
[root@localhost ~]#
[root@localhost ~]#hi3593_c1_cfg setRx2BitRate  high
hi3593 chip1 operation succeed.
[root@localhost ~]#
[root@localhost ~]#hi3593_c1_cfg setTxBitRate high
hi3593 chip1 operation succeed.
[root@localhost ~]#
[root@localhost ~]#ps | grep -c netlink_u_self.APP
0
[root@localhost ~]#netlink_u_app &
[1] 16279
[root@localhost ~]#
[root@localhost ~]#state_smg
waiting received!
In while recvmsg
hi429_sendmsg_user_chip0 123 3
the data is 123.
In while
Received message from kernel: 0x42910001
 the length of the data is 2 
 the first data is 123 
 the second data is 123 
In while recvmsg
[root@localhost ~]#
In while
Received message from kernel: 0x42910001
 the length of the data is 1 
 the first data is 123 
 the second data is 123 
In while recvmsg
[root@localhost ~]#hi429_sendmsg_user_chip1 456 3
the data is 456.
In while
Received message from kernel: 0x42920001
 the length of the data is 2 
 the first data is 2147483191 
 the second data is 2147483191 
In while recvmsg
[root@localhost ~]#
In while
Received message from kernel: 0x42920001
 the length of the data is 1 
[root@localhost ~]# the first data is 2147483191 
 the second data is 2147483191 
In while recvmsg
ping 10.90.0.10 -c5
PING 10.90.0.10 (10.90.0.10) 56(84) bytes of data.
64 bytes from 10.90.0.10: icmp_seq=1 ttl=64 time=0.439 ms
64 bytes from 10.90.0.10: icmp_seq=2 ttl=64 time=0.567 ms
64 bytes from 10.90.0.10: icmp_seq=3 ttl=64 time=0.645 ms
64 bytes from 10.90.0.10: icmp_seq=4 ttl=64 time=0.388 ms
64 bytes from 10.90.0.10: icmp_seq=5 ttl=64 time=0.323 ms

--- 10.90.0.10 ping statistics ---
5 packets transmitted, 5 received, 0% packet loss, time 4001ms
rtt min/avg/max/mdev = 0.323/0.472/0.645/0.119 ms
[root@localhost ~]#iperf -c 10.90.0.10 -w1m -i1 -t30 | grep '0.0-3'


[  3]  [01;31m[K0.0-3[m[K0.0 sec  3.14 GBytes   900 Mbits/sec
[root@localhost ~]#
[root@localhost ~]#
[root@localhost ~]#del_time
[root@localhost ~]#lspci
00:00.0 Host bridge: Intel Corporation 3rd Gen Core processor DRAM Controller (rev 09)
00:02.0 VGA compatible controller: Intel Corporation 3rd Gen Core processor Graphics Controller (rev 09)
00:14.0 USB controller: Intel Corporation 7 Series/C210 Series Chipset Family USB xHCI Host Controller (rev 04)
00:19.0 Ethernet controller: Intel Corporation 82579LM Gigabit Network Connection (Lewisville) (rev 04)
00:1a.0 USB controller: Intel Corporation 7 Series/C216 Chipset Family USB Enhanced Host Controller #2 (rev 04)
00:1c.0 PCI bridge: Intel Corporation 7 Series/C216 Chipset Family PCI Express Root Port 1 (rev c4)
00:1c.1 PCI bridge: Intel Corporation 7 Series/C210 Series Chipset Family PCI Express Root Port 2 (rev c4)
00:1d.0 USB controller: Intel Corporation 7 Series/C216 Chipset Family USB Enhanced Host Controller #1 (rev 04)
00:1f.0 ISA bridge: Intel Corporation QM77 Express Chipset LPC Controller (rev 04)
00:1f.2 SATA controller: Intel Corporation 7 Series Chipset Family 6-port SATA Controller [AHCI mode] (rev 04)
00:1f.3 SMBus: Intel Corporation 7 Series/C216 Chipset Family SMBus Controller (rev 04)
01:00.0 Communication controller: Xilinx Corporation Device 7011
02:00.0 Ethernet controller: Intel Corporation I210 Gigabit Backplane Connection (rev 03)
[root@localhost ~]#fdisk -l | grep -c sda
8
[root@localhost ~]#df | grep -c sda
4
[root@localhost ~]#fdisk -l | grep sda
Disk /dev/[01;31m[Ksda[m[K: 992.2 GB, 992203333632 bytes, 1937897136 sectors
/dev/[01;31m[Ksda[m[K1   *        2048     1026047      512000   83  Linux
/dev/[01;31m[Ksda[m[K2         1026048   210741247   104857600   83  Linux
/dev/[01;31m[Ksda[m[K3       210741248   252684287    20971520   83  Linux
/dev/[01;31m[Ksda[m[K4       252684288  1937895423   842605568    5  Extended
/dev/[01;31m[Ksda[m[K5       252686336   286240767    16777216   82  Linux swap / Solaris
/dev/[01;31m[Ksda[m[K6       286242816   287266815      512000    6  FAT16
/dev/[01;31m[Ksda[m[K7       287268864  1937895423   825313280   8e  Linux LVM
[root@localhost ~]#fdisk -l | grep sdb
Disk /dev/[01;31m[Ksdb[m[K: 992.2 GB, 992203333632 bytes, 1937897136 sectors
[root@localhost ~]#ps -A | grep -c dd
4
[root@localhost ~]#rm -rf test &
[2] 23689
[root@localhost ~]#echo 3 >> /proc/sys/vm/drop_caches&
[3] 31059
[2]   Done                    rm -i -rf test
[root@localhost ~]#free -m
              total        used        free      shared  buff/cache   available
Mem:          15796         282       15352          17         160       15248
Swap:         16383           0       16383
[3]+  Done                    echo 3 >> /proc/sys/vm/drop_caches
[root@localhost ~]#cd /
[root@localhost /]#lsusb | grep -c '2c7c'
1
[root@localhost /]#sensors -u &
[2] 1091
[root@localhost /]#acpitz-virtual-0
Adapter: Virtual device
temp1:
  temp1_input: 77.000
  temp1_crit: 111.000

coretemp-isa-0000
Adapter: ISA adapter
Physical id 0:
  temp1_input: 78.000
  temp1_max: 87.000
  temp1_crit: 105.000
  temp1_crit_alarm: 0.000
Core 0:
  temp2_input: 78.000
  temp2_max: 87.000
  temp2_crit: 105.000
  temp2_crit_alarm: 0.000
Core 1:
  temp3_input: 73.000
  temp3_max: 87.000
  temp3_crit: 105.000
  temp3_crit_alarm: 0.000

